[backblue.gif]
[fade.gif]
[index.html]
[www.mytraveltalkies.com/img/my-img/call.png]
[www.mytraveltalkies.com/img/my-img/whatsapp-img.png]
[translate.google.com/translate_a/elementa0d8.js]
[www.mytraveltalkies.com/img/my-img/logo.png]
[www.mytraveltalkies.com/img/my-img/icon-1.png]
[www.mytraveltalkies.com/img/my-img/icon-2.png]
[www.mytraveltalkies.com/img/my-img/icon-3.png]
[www.mytraveltalkies.com/admin/include/upload/city/6013b1b547d39Mauritius Tour (21).png]
[www.mytraveltalkies.com/admin/include/upload/city/6013b1d3b829eMauritius Tour (22).png]
[www.mytraveltalkies.com/admin/include/upload/city/6013ab541ea2cMauritius Tour (13).png]
[www.mytraveltalkies.com/admin/include/upload/city/6013b0476ced2Mauritius Tour (20).png]
[www.mytraveltalkies.com/admin/include/upload/city/6013b05f234caMauritius Tour (19).png]
[www.mytraveltalkies.com/admin/include/upload/city/6013afff568c8Mauritius Tour (18).png]
[www.mytraveltalkies.com/admin/include/upload/packages/600ee038a0b03andaman 8.jpg]
[www.mytraveltalkies.com/admin/include/upload/packages/5fbe2520b19c0taj-mahal-2-1280x720.jpg]
[www.mytraveltalkies.com/admin/include/upload/packages/600edc561acbbandaman 7.jpg]
[www.mytraveltalkies.com/admin/include/upload/packages/600edd93929ecandaman 5.jpg]
[www.mytraveltalkies.com/admin/include/upload/packages/600edeaaa6c4fandaman 9.jpg]
[www.mytraveltalkies.com/admin/include/upload/packages/5fbe1b24028cftour1.jpg]
[www.mytraveltalkies.com/admin/include/upload/city/6012be5eb87b0Mauritius Tour (8).png]
[www.mytraveltalkies.com/admin/include/upload/city/6012bdd31dab7Mauritius Tour (7).png]
[www.mytraveltalkies.com/admin/include/upload/city/6012bcdde5585Mauritius Tour (6).png]
[www.mytraveltalkies.com/admin/include/upload/city/6012bc7bcc148Mauritius Tour (5).png]
[www.mytraveltalkies.com/admin/include/upload/city/6012bc17a7b01Mauritius Tour (4).png]
[www.mytraveltalkies.com/admin/include/upload/city/6012bb6d5dd0dMauritius Tour (3).png]
[www.mytraveltalkies.com/admin/include/upload/packages/6012d0e6b699dSingapore-.jpg]
[www.mytraveltalkies.com/admin/include/upload/packages/6012d22a11094malaysia.jpg]
[www.mytraveltalkies.com/admin/include/upload/packages/6012d34916a68bankgoko.jpg]
[www.mytraveltalkies.com/admin/include/upload/packages/6012d4c19d03amauitius.jpg]
[www.mytraveltalkies.com/admin/include/upload/packages/6012d66d6f3acDubai-Tour-.jpg]
[www.mytraveltalkies.com/admin/include/upload/packages/6012d7a5bdd2eytrukykuhy.jpg]
[www.mytraveltalkies.com/img/my-img/user.png]
[www.mytraveltalkies.com/admin/include/upload/images/gallery5c9a5fb65718fgallery1.jpg]
[www.mytraveltalkies.com/admin/include/upload/images/gallery5c9a5fbe315d8gallery2.jpg]
[www.mytraveltalkies.com/admin/include/upload/images/gallery5c9a5fc44b92dgallery3.jpg]
[www.mytraveltalkies.com/admin/include/upload/images/gallery5c9a6025d5691gallery4.jpg]
[www.mytraveltalkies.com/admin/include/upload/images/gallery5c9a602e60d49gallery5.jpg]
[www.mytraveltalkies.com/admin/include/upload/images/gallery5c9a6038363e3gallery6.jpg]
[www.mytraveltalkies.com/admin/include/upload/images/gallery5c9a603e32aa1gallery7.jpg]
[www.mytraveltalkies.com/js/vendor/modernizr-3.5.0.min.js.pagespeed.jm.L_Pj9CgKas.js]
[www.mytraveltalkies.com/js/vendor/jquery-1.12.4.min.js.pagespeed.jm.29OAZzvhfX.js]
[www.mytraveltalkies.com/js/popper.min.js]
[www.mytraveltalkies.com/js/bootstrap.min.js]
[www.mytraveltalkies.com/js/owl.carousel.min.js]
[www.mytraveltalkies.com/js/isotope.pkgd.min.js]
[www.mytraveltalkies.com/js/ajax-form.js]
[www.mytraveltalkies.com/js/waypoints.min.js]
[www.mytraveltalkies.com/js/jquery.counterup.min.js]
[www.mytraveltalkies.com/js/imagesloaded.pkgd.min.js]
[www.mytraveltalkies.com/js/scrollIt.js]
[www.mytraveltalkies.com/js/jquery.scrollUp.min.js]
[www.mytraveltalkies.com/js/wow.min.js]
[www.mytraveltalkies.com/js/nice-select.min.js]
[www.mytraveltalkies.com/js/jquery.slicknav.min.js]
[www.mytraveltalkies.com/js/jquery.magnific-popup.min.js]
[www.mytraveltalkies.com/js/plugins.js]
[www.mytraveltalkies.com/js/gijgo.min.js.pagespeed.ce.Jhxbkf3sVo.js]
[www.mytraveltalkies.com/js/slick.min.js]
[www.mytraveltalkies.com/js/contact.js]
[www.mytraveltalkies.com/js/jquery.ajaxchimp.min.js]
[www.mytraveltalkies.com/js/jquery.form.js]
[www.mytraveltalkies.com/js/jquery.validate.min.js]
[www.mytraveltalkies.com/js/main.js]
[www.mytraveltalkies.com/index.html]
[www.mytraveltalkies.com/image/my-img/favicon.html]
[www.mytraveltalkies.com/css/bootstrap.min.css]
[www.mytraveltalkies.com/css/owl.carousel.min.css]
[www.mytraveltalkies.com/css/magnific-popup.css]
[www.mytraveltalkies.com/fonts/fontawesome-webfont3e6e3e6e.eot]
[www.mytraveltalkies.com/fonts/fontawesome-webfontd41dd41d.eot]
[www.mytraveltalkies.com/fonts/fontawesome-webfont3e6e3e6e.woff2]
[www.mytraveltalkies.com/fonts/fontawesome-webfont3e6e3e6e.woff]
[www.mytraveltalkies.com/fonts/fontawesome-webfont3e6e3e6e.ttf]
[www.mytraveltalkies.com/css/font-awesome.min.css]
[www.mytraveltalkies.com/fonts/themify9f249f24.eot]
[www.mytraveltalkies.com/fonts/themifyd41dd41d.eot]
[www.mytraveltalkies.com/fonts/themify9f249f24.woff]
[www.mytraveltalkies.com/fonts/themify9f249f24.ttf]
[www.mytraveltalkies.com/css/themify-icons.css]
[www.mytraveltalkies.com/css/nice-select.css]
[www.mytraveltalkies.com/fonts/Flaticon.eot]
[www.mytraveltalkies.com/fonts/Flaticond41dd41d.eot]
[www.mytraveltalkies.com/fonts/Flaticon.woff2]
[www.mytraveltalkies.com/fonts/Flaticon.woff]
[www.mytraveltalkies.com/fonts/Flaticon.ttf]
[www.mytraveltalkies.com/css/flaticon.css]
[www.mytraveltalkies.com/fonts/gijgo-materialba15ba15.eot]
[www.mytraveltalkies.com/fonts/gijgo-materialba15ba15.ttf]
[www.mytraveltalkies.com/fonts/gijgo-materialba15ba15.woff]
[www.mytraveltalkies.com/css/gijgo.css]
[www.mytraveltalkies.com/css/animate.css]
[www.mytraveltalkies.com/css/slick.css]
[www.mytraveltalkies.com/css/slicknav.css]
[www.mytraveltalkies.com/img/my-img/slide-1.jpg]
[www.mytraveltalkies.com/img/my-img/slide-2.jpg]
[www.mytraveltalkies.com/img/my-img/slide-3.jpg]
[www.mytraveltalkies.com/img/banner/bradcam.png]
[www.mytraveltalkies.com/img/banner/bradcam2.png]
[www.mytraveltalkies.com/img/banner/bradcam3.png]
[www.mytraveltalkies.com/img/banner/bradcam4.png]
[www.mytraveltalkies.com/img/banner/destination.png]
[www.mytraveltalkies.com/img/my-img/bg-1.jpg]
[www.mytraveltalkies.com/img/banner/video.png]
[www.mytraveltalkies.com/img/elements/primary-check.png]
[www.mytraveltalkies.com/img/elements/success-check.png]
[www.mytraveltalkies.com/img/elements/disabled-check.png]
[www.mytraveltalkies.com/img/elements/primary-radio.png]
[www.mytraveltalkies.com/img/elements/success-radio.png]
[www.mytraveltalkies.com/img/elements/disabled-radio.png]
[www.mytraveltalkies.com/css/style.css]
[www.mytraveltalkies.com/css/package.css]
[www.mytraveltalkies.com/css/owl.video.play.html]
[www.mytraveltalkies.com/fonts/fontawesome-webfont3e6e3e6e.svg]
[www.mytraveltalkies.com/fonts/themify9f249f24.svg]
[www.mytraveltalkies.com/fonts/Flaticon.svg]
[www.mytraveltalkies.com/fonts/gijgo-materialba15ba15.svg]
[www.mytraveltalkies.com/img/slider/slider-img-1.html]
[www.mytraveltalkies.com/img/background-img/bg-img-2.html]
[www.mytraveltalkies.com/img/background-img/bg-img-3.html]
[www.mytraveltalkies.com/img/banner/property.html]
[www.mytraveltalkies.com/images/img/Travel-woman.html]
